#2026 09 18 11:19:14.490#Z#DEBUG#9d22f57d-b352-11f1-9456-eeee0a8e3e3b.Bookshop-srv#flowable-async-job-executor-thread-112403#
[PollStageAppStatusExecution] 01e236f2-5c17-43fc-83b1-6383711c1c1d [2026-09-18T11:18:16.388922] Added process: "web" (STDOUT, API)#
#2026 09 18 11:19:14.490#Z#DEBUG#9d22f57d-b352-11f1-9456-eeee0a8e3e3b.Bookshop-srv#flowable-async-job-executor-thread-112403#
[PollStageAppStatusExecution] 01e236f2-5c17-43fc-83b1-6383711c1c1d [2026-09-18T11:18:16.396603] Created app with guid 01e236f2-5c17-43fc-83b1-6383711c1c1d (STDOUT, API)#
#2026 09 18 11:19:14.490#Z#DEBUG#9d22f57d-b352-11f1-9456-eeee0a8e3e3b.Bookshop-srv#flowable-async-job-executor-thread-112403#
[PollStageAppStatusExecution] 01e236f2-5c17-43fc-83b1-6383711c1c1d [2026-09-18T11:18:16.554257] Updating process: "web" (STDOUT, API)#
#2026 09 18 11:19:14.490#Z#DEBUG#9d22f57d-b352-11f1-9456-eeee0a8e3e3b.Bookshop-srv#flowable-async-job-executor-thread-112403#
[PollStageAppStatusExecution] 01e236f2-5c17-43fc-83b1-6383711c1c1d [2026-09-18T11:18:16.657198] Scaling process: "web" (STDOUT, API)#
#2026 09 18 11:19:14.490#Z#DEBUG#9d22f57d-b352-11f1-9456-eeee0a8e3e3b.Bookshop-srv#flowable-async-job-executor-thread-112403#
[PollStageAppStatusExecution] 01e236f2-5c17-43fc-83b1-6383711c1c1d [2026-09-18T11:18:44.270397] Uploading app package for app with guid 01e236f2-5c17-43fc-83b1-6383711c1c1d (STDOUT, API)#
#2026 09 18 11:19:14.490#Z#DEBUG#9d22f57d-b352-11f1-9456-eeee0a8e3e3b.Bookshop-srv#flowable-async-job-executor-thread-112403#
[PollStageAppStatusExecution] 01e236f2-5c17-43fc-83b1-6383711c1c1d [2026-09-18T11:18:44.543786] Updated app with guid 01e236f2-5c17-43fc-83b1-6383711c1c1d ({"environment_variables"=>"[PRIVATE DATA HIDDEN]"}) (STDOUT, API)#
#2026 09 18 11:19:14.490#Z#DEBUG#9d22f57d-b352-11f1-9456-eeee0a8e3e3b.Bookshop-srv#flowable-async-job-executor-thread-112403#
[PollStageAppStatusExecution] 01e236f2-5c17-43fc-83b1-6383711c1c1d [2026-09-18T11:19:04.545098] Creating build for app with guid 01e236f2-5c17-43fc-83b1-6383711c1c1d (STDOUT, API)#
#2026 09 18 11:19:14.490#Z#DEBUG#9d22f57d-b352-11f1-9456-eeee0a8e3e3b.Bookshop-srv#flowable-async-job-executor-thread-112403#
[PollStageAppStatusExecution] 01e236f2-5c17-43fc-83b1-6383711c1c1d [2026-09-18T11:19:04.961303] Downloading nodejs_buildpack... (STDOUT, STG)#
#2026 09 18 11:19:14.490#Z#DEBUG#9d22f57d-b352-11f1-9456-eeee0a8e3e3b.Bookshop-srv#flowable-async-job-executor-thread-112403#
[PollStageAppStatusExecution] 01e236f2-5c17-43fc-83b1-6383711c1c1d [2026-09-18T11:19:04.984910] Downloaded nodejs_buildpack (STDOUT, STG)#
#2026 09 18 11:19:14.490#Z#DEBUG#9d22f57d-b352-11f1-9456-eeee0a8e3e3b.Bookshop-srv#flowable-async-job-executor-thread-112403#
[PollStageAppStatusExecution] 01e236f2-5c17-43fc-83b1-6383711c1c1d [2026-09-18T11:19:04.984959] Cell edea5c23-ef2d-4626-b6ac-b8b688ffb968 creating container for instance 21f8fac2-cc56-4ff3-9899-0af1b89a1a02 (STDOUT, STG)#
#2026 09 18 11:19:14.490#Z#DEBUG#9d22f57d-b352-11f1-9456-eeee0a8e3e3b.Bookshop-srv#flowable-async-job-executor-thread-112403#
[PollStageAppStatusExecution] 01e236f2-5c17-43fc-83b1-6383711c1c1d [2026-09-18T11:19:05.312333] Security group rules were updated (STDOUT, STG)#
#2026 09 18 11:19:14.490#Z#DEBUG#9d22f57d-b352-11f1-9456-eeee0a8e3e3b.Bookshop-srv#flowable-async-job-executor-thread-112403#
[PollStageAppStatusExecution] 01e236f2-5c17-43fc-83b1-6383711c1c1d [2026-09-18T11:19:05.332940] Cell edea5c23-ef2d-4626-b6ac-b8b688ffb968 successfully created container for instance 21f8fac2-cc56-4ff3-9899-0af1b89a1a02 (STDOUT, STG)#
#2026 09 18 11:19:14.490#Z#DEBUG#9d22f57d-b352-11f1-9456-eeee0a8e3e3b.Bookshop-srv#flowable-async-job-executor-thread-112403#
[PollStageAppStatusExecution] 01e236f2-5c17-43fc-83b1-6383711c1c1d [2026-09-18T11:19:05.652410] Downloading app package... (STDOUT, STG)#
#2026 09 18 11:19:14.490#Z#DEBUG#9d22f57d-b352-11f1-9456-eeee0a8e3e3b.Bookshop-srv#flowable-async-job-executor-thread-112403#
[PollStageAppStatusExecution] 01e236f2-5c17-43fc-83b1-6383711c1c1d [2026-09-18T11:19:06.170612] Downloaded app package (3.5M) (STDOUT, STG)#
#2026 09 18 11:19:14.490#Z#DEBUG#9d22f57d-b352-11f1-9456-eeee0a8e3e3b.Bookshop-srv#flowable-async-job-executor-thread-112403#
[PollStageAppStatusExecution] 01e236f2-5c17-43fc-83b1-6383711c1c1d [2026-09-18T11:19:06.237305] -----> Nodejs Buildpack version 1.9.4 (STDOUT, STG)#
#2026 09 18 11:19:14.490#Z#DEBUG#9d22f57d-b352-11f1-9456-eeee0a8e3e3b.Bookshop-srv#flowable-async-job-executor-thread-112403#
[PollStageAppStatusExecution] 01e236f2-5c17-43fc-83b1-6383711c1c1d [2026-09-18T11:19:06.363677] -----> Bootstrapping python (STDOUT, STG)#
#2026 09 18 11:19:14.490#Z#DEBUG#9d22f57d-b352-11f1-9456-eeee0a8e3e3b.Bookshop-srv#flowable-async-job-executor-thread-112403#
[PollStageAppStatusExecution] 01e236f2-5c17-43fc-83b1-6383711c1c1d [2026-09-18T11:19:06.363717] -----> Installing python 3.13.15 (STDOUT, STG)#
#2026 09 18 11:19:14.490#Z#DEBUG#9d22f57d-b352-11f1-9456-eeee0a8e3e3b.Bookshop-srv#flowable-async-job-executor-thread-112403#
[PollStageAppStatusExecution] 01e236f2-5c17-43fc-83b1-6383711c1c1d [2026-09-18T11:19:06.363810] Copy [/tmp/buildpacks/2064510ce434076b/dependencies/6832464ec708e1392d482a6034aa2c94/python_3.13.15_linux_x64_cflinuxfs4_0c9cd9fd.tgz] (STDOUT, STG)#
#2026 09 18 11:19:14.490#Z#DEBUG#9d22f57d-b352-11f1-9456-eeee0a8e3e3b.Bookshop-srv#flowable-async-job-executor-thread-112403#
[PollStageAppStatusExecution] 01e236f2-5c17-43fc-83b1-6383711c1c1d [2026-09-18T11:19:09.935883] -----> Installing binaries (STDOUT, STG)#
#2026 09 18 11:19:14.490#Z#DEBUG#9d22f57d-b352-11f1-9456-eeee0a8e3e3b.Bookshop-srv#flowable-async-job-executor-thread-112403#
[PollStageAppStatusExecution] 01e236f2-5c17-43fc-83b1-6383711c1c1d [2026-09-18T11:19:09.935959] engines.node (package.json): ^24 (STDOUT, STG)#
#2026 09 18 11:19:14.490#Z#DEBUG#9d22f57d-b352-11f1-9456-eeee0a8e3e3b.Bookshop-srv#flowable-async-job-executor-thread-112403#
[PollStageAppStatusExecution] 01e236f2-5c17-43fc-83b1-6383711c1c1d [2026-09-18T11:19:09.935972] engines.npm (package.json): unspecified (use default) (STDOUT, STG)#
#2026 09 18 11:19:14.490#Z#DEBUG#9d22f57d-b352-11f1-9456-eeee0a8e3e3b.Bookshop-srv#flowable-async-job-executor-thread-112403#
[PollStageAppStatusExecution] 01e236f2-5c17-43fc-83b1-6383711c1c1d [2026-09-18T11:19:09.936051] -----> Installing node 24.19.0 (STDOUT, STG)#
#2026 09 18 11:19:14.490#Z#DEBUG#9d22f57d-b352-11f1-9456-eeee0a8e3e3b.Bookshop-srv#flowable-async-job-executor-thread-112403#
[PollStageAppStatusExecution] 01e236f2-5c17-43fc-83b1-6383711c1c1d [2026-09-18T11:19:09.936217] Copy [/tmp/buildpacks/2064510ce434076b/dependencies/cf9035c55d85610a9158faa009b7a7b5/node_24.19.0_linux_x64_cflinuxfs4_9ab26efa.tgz] (STDOUT, STG)#
#2026 09 18 11:19:14.490#Z#DEBUG#9d22f57d-b352-11f1-9456-eeee0a8e3e3b.Bookshop-srv#flowable-async-job-executor-thread-112403#
[PollStageAppStatusExecution] 01e236f2-5c17-43fc-83b1-6383711c1c1d [2026-09-18T11:19:11.951364] Using default npm version: 11.17.0 (STDOUT, STG)#
#2026 09 18 11:19:14.490#Z#DEBUG#9d22f57d-b352-11f1-9456-eeee0a8e3e3b.Bookshop-srv#flowable-async-job-executor-thread-112403#
[PollStageAppStatusExecution] 01e236f2-5c17-43fc-83b1-6383711c1c1d [2026-09-18T11:19:11.951382] -----> Installing yarn 1.22.22 (STDOUT, STG)#
#2026 09 18 11:19:14.490#Z#DEBUG#9d22f57d-b352-11f1-9456-eeee0a8e3e3b.Bookshop-srv#flowable-async-job-executor-thread-112403#
[PollStageAppStatusExecution] 01e236f2-5c17-43fc-83b1-6383711c1c1d [2026-09-18T11:19:11.951423] Copy [/tmp/buildpacks/2064510ce434076b/dependencies/e4fe26756e9984a665478d350474fa2e/yarn_1.22.22_linux_noarch_any-stack_b6132b86.tgz] (STDOUT, STG)#
#2026 09 18 11:19:14.490#Z#DEBUG#9d22f57d-b352-11f1-9456-eeee0a8e3e3b.Bookshop-srv#flowable-async-job-executor-thread-112403#
[PollStageAppStatusExecution] 01e236f2-5c17-43fc-83b1-6383711c1c1d [2026-09-18T11:19:12.250181] Installed yarn 1.22.22 (STDOUT, STG)#
#2026 09 18 11:19:14.490#Z#DEBUG#9d22f57d-b352-11f1-9456-eeee0a8e3e3b.Bookshop-srv#flowable-async-job-executor-thread-112403#
[PollStageAppStatusExecution] 01e236f2-5c17-43fc-83b1-6383711c1c1d [2026-09-18T11:19:12.250203] -----> Creating runtime environment (STDOUT, STG)#
#2026 09 18 11:19:14.490#Z#DEBUG#9d22f57d-b352-11f1-9456-eeee0a8e3e3b.Bookshop-srv#flowable-async-job-executor-thread-112403#
[PollStageAppStatusExecution] 01e236f2-5c17-43fc-83b1-6383711c1c1d [2026-09-18T11:19:12.251633] NODE_ENV=production (STDOUT, STG)#
#2026 09 18 11:19:14.490#Z#DEBUG#9d22f57d-b352-11f1-9456-eeee0a8e3e3b.Bookshop-srv#flowable-async-job-executor-thread-112403#
[PollStageAppStatusExecution] 01e236f2-5c17-43fc-83b1-6383711c1c1d [2026-09-18T11:19:12.251648] NODE_HOME=/tmp/contents770058071/deps/0/node (STDOUT, STG)#
#2026 09 18 11:19:14.490#Z#DEBUG#9d22f57d-b352-11f1-9456-eeee0a8e3e3b.Bookshop-srv#flowable-async-job-executor-thread-112403#
[PollStageAppStatusExecution] 01e236f2-5c17-43fc-83b1-6383711c1c1d [2026-09-18T11:19:12.251650] NODE_MODULES_CACHE=true (STDOUT, STG)#
#2026 09 18 11:19:14.490#Z#DEBUG#9d22f57d-b352-11f1-9456-eeee0a8e3e3b.Bookshop-srv#flowable-async-job-executor-thread-112403#
[PollStageAppStatusExecution] 01e236f2-5c17-43fc-83b1-6383711c1c1d [2026-09-18T11:19:12.251654] NODE_VERBOSE=false (STDOUT, STG)#
#2026 09 18 11:19:14.490#Z#DEBUG#9d22f57d-b352-11f1-9456-eeee0a8e3e3b.Bookshop-srv#flowable-async-job-executor-thread-112403#
[PollStageAppStatusExecution] 01e236f2-5c17-43fc-83b1-6383711c1c1d [2026-09-18T11:19:12.251656] NPM_CONFIG_LOGLEVEL=error (STDOUT, STG)#
#2026 09 18 11:19:14.490#Z#DEBUG#9d22f57d-b352-11f1-9456-eeee0a8e3e3b.Bookshop-srv#flowable-async-job-executor-thread-112403#
[PollStageAppStatusExecution] 01e236f2-5c17-43fc-83b1-6383711c1c1d [2026-09-18T11:19:12.251661] NPM_CONFIG_PRODUCTION=true (STDOUT, STG)#
#2026 09 18 11:19:14.490#Z#DEBUG#9d22f57d-b352-11f1-9456-eeee0a8e3e3b.Bookshop-srv#flowable-async-job-executor-thread-112403#
[PollStageAppStatusExecution] 01e236f2-5c17-43fc-83b1-6383711c1c1d [2026-09-18T11:19:12.251669] -----> Building dependencies (STDOUT, STG)#
#2026 09 18 11:19:14.490#Z#DEBUG#9d22f57d-b352-11f1-9456-eeee0a8e3e3b.Bookshop-srv#flowable-async-job-executor-thread-112403#
[PollStageAppStatusExecution] 01e236f2-5c17-43fc-83b1-6383711c1c1d [2026-09-18T11:19:12.251674] Prebuild detected (node_modules already exists) (STDOUT, STG)#
#2026 09 18 11:19:14.490#Z#DEBUG#9d22f57d-b352-11f1-9456-eeee0a8e3e3b.Bookshop-srv#flowable-async-job-executor-thread-112403#
[PollStageAppStatusExecution] 01e236f2-5c17-43fc-83b1-6383711c1c1d [2026-09-18T11:19:12.251766] Rebuilding any native modules (STDOUT, STG)#
#2026 09 18 11:19:14.490#Z#DEBUG#9d22f57d-b352-11f1-9456-eeee0a8e3e3b.Bookshop-srv#flowable-async-job-executor-thread-112403#
[PollStageAppStatusExecution] 01e236f2-5c17-43fc-83b1-6383711c1c1d [2026-09-18T11:19:12.799521] rebuilt dependencies successfully (STDOUT, STG)#
#2026 09 18 11:19:14.490#Z#DEBUG#9d22f57d-b352-11f1-9456-eeee0a8e3e3b.Bookshop-srv#flowable-async-job-executor-thread-112403#
[PollStageAppStatusExecution] 01e236f2-5c17-43fc-83b1-6383711c1c1d [2026-09-18T11:19:12.801338] npm notice (STDOUT, STG)#
#2026 09 18 11:19:14.490#Z#DEBUG#9d22f57d-b352-11f1-9456-eeee0a8e3e3b.Bookshop-srv#flowable-async-job-executor-thread-112403#
[PollStageAppStatusExecution] 01e236f2-5c17-43fc-83b1-6383711c1c1d [2026-09-18T11:19:12.801351] npm notice New major version of npm available! 11.17.0 -> 12.0.2 (STDOUT, STG)#
#2026 09 18 11:19:14.490#Z#DEBUG#9d22f57d-b352-11f1-9456-eeee0a8e3e3b.Bookshop-srv#flowable-async-job-executor-thread-112403#
[PollStageAppStatusExecution] 01e236f2-5c17-43fc-83b1-6383711c1c1d [2026-09-18T11:19:12.801354] npm notice Changelog: https://github.com/npm/cli/releases/tag/v12.0.2 (STDOUT, STG)#
#2026 09 18 11:19:14.490#Z#DEBUG#9d22f57d-b352-11f1-9456-eeee0a8e3e3b.Bookshop-srv#flowable-async-job-executor-thread-112403#
[PollStageAppStatusExecution] 01e236f2-5c17-43fc-83b1-6383711c1c1d [2026-09-18T11:19:12.801356] npm notice To update run: npm install -g npm@12.0.2 (STDOUT, STG)#
#2026 09 18 11:19:14.490#Z#DEBUG#9d22f57d-b352-11f1-9456-eeee0a8e3e3b.Bookshop-srv#flowable-async-job-executor-thread-112403#
[PollStageAppStatusExecution] 01e236f2-5c17-43fc-83b1-6383711c1c1d [2026-09-18T11:19:12.801360] npm notice (STDOUT, STG)#
#2026 09 18 11:19:14.490#Z#DEBUG#9d22f57d-b352-11f1-9456-eeee0a8e3e3b.Bookshop-srv#flowable-async-job-executor-thread-112403#
[PollStageAppStatusExecution] 01e236f2-5c17-43fc-83b1-6383711c1c1d [2026-09-18T11:19:12.861879] Installing any new modules (package.json + package-lock.json) (STDOUT, STG)#
#2026 09 18 11:19:14.490#Z#DEBUG#9d22f57d-b352-11f1-9456-eeee0a8e3e3b.Bookshop-srv#flowable-async-job-executor-thread-112403#
[PollStageAppStatusExecution] 01e236f2-5c17-43fc-83b1-6383711c1c1d [2026-09-18T11:19:13.366549] up to date in 436ms (STDOUT, STG)#
#2026 09 18 11:19:14.490#Z#DEBUG#9d22f57d-b352-11f1-9456-eeee0a8e3e3b.Bookshop-srv#flowable-async-job-executor-thread-112403#
[PollStageAppStatusExecution] 01e236f2-5c17-43fc-83b1-6383711c1c1d [2026-09-18T11:19:13.366929] 31 packages are looking for funding (STDOUT, STG)#
#2026 09 18 11:19:14.490#Z#DEBUG#9d22f57d-b352-11f1-9456-eeee0a8e3e3b.Bookshop-srv#flowable-async-job-executor-thread-112403#
[PollStageAppStatusExecution] 01e236f2-5c17-43fc-83b1-6383711c1c1d [2026-09-18T11:19:13.367054] run `npm fund` for details (STDOUT, STG)#
#2026 09 18 11:19:24.565#Z#DEBUG#9d22f57d-b352-11f1-9456-eeee0a8e3e3b.Bookshop-srv#flowable-async-job-executor-thread-112468#
[PollStageAppStatusExecution] 01e236f2-5c17-43fc-83b1-6383711c1c1d [2026-09-18T11:19:14.244934] Contrast Security no credentials found. Will not write environment files. (STDOUT, STG)#
#2026 09 18 11:19:24.565#Z#DEBUG#9d22f57d-b352-11f1-9456-eeee0a8e3e3b.Bookshop-srv#flowable-async-job-executor-thread-112468#
[PollStageAppStatusExecution] 01e236f2-5c17-43fc-83b1-6383711c1c1d [2026-09-18T11:19:23.159624] Exit status 0 (STDOUT, STG)#
#2026 09 18 11:19:24.565#Z#DEBUG#9d22f57d-b352-11f1-9456-eeee0a8e3e3b.Bookshop-srv#flowable-async-job-executor-thread-112468#
[PollStageAppStatusExecution] 01e236f2-5c17-43fc-83b1-6383711c1c1d [2026-09-18T11:19:23.159667] Uploading droplet, build artifacts cache... (STDOUT, STG)#
#2026 09 18 11:19:24.565#Z#DEBUG#9d22f57d-b352-11f1-9456-eeee0a8e3e3b.Bookshop-srv#flowable-async-job-executor-thread-112468#
[PollStageAppStatusExecution] 01e236f2-5c17-43fc-83b1-6383711c1c1d [2026-09-18T11:19:23.159716] Uploading droplet... (STDOUT, STG)#
#2026 09 18 11:19:24.565#Z#DEBUG#9d22f57d-b352-11f1-9456-eeee0a8e3e3b.Bookshop-srv#flowable-async-job-executor-thread-112468#
[PollStageAppStatusExecution] 01e236f2-5c17-43fc-83b1-6383711c1c1d [2026-09-18T11:19:23.159725] Uploading build artifacts cache... (STDOUT, STG)#
#2026 09 18 11:19:24.565#Z#DEBUG#9d22f57d-b352-11f1-9456-eeee0a8e3e3b.Bookshop-srv#flowable-async-job-executor-thread-112468#
[PollStageAppStatusExecution] 01e236f2-5c17-43fc-83b1-6383711c1c1d [2026-09-18T11:19:23.201429] Uploaded build artifacts cache (215B) (STDOUT, STG)#
#2026 09 18 11:19:24.565#Z#DEBUG#9d22f57d-b352-11f1-9456-eeee0a8e3e3b.Bookshop-srv#flowable-async-job-executor-thread-112468#
[PollStageAppStatusExecution] 01e236f2-5c17-43fc-83b1-6383711c1c1d [2026-09-18T11:19:23.919277] Creating droplet for app with guid 01e236f2-5c17-43fc-83b1-6383711c1c1d (STDOUT, API)#
#2026 09 18 11:19:34.855#Z#DEBUG#9d22f57d-b352-11f1-9456-eeee0a8e3e3b.Bookshop-srv#flowable-async-job-executor-thread-114756#
[PollStageAppStatusExecution] 01e236f2-5c17-43fc-83b1-6383711c1c1d [2026-09-18T11:19:28.016793] Uploaded droplet (60.1M) (STDOUT, STG)#
#2026 09 18 11:19:34.855#Z#DEBUG#9d22f57d-b352-11f1-9456-eeee0a8e3e3b.Bookshop-srv#flowable-async-job-executor-thread-114756#
[PollStageAppStatusExecution] 01e236f2-5c17-43fc-83b1-6383711c1c1d [2026-09-18T11:19:28.034650] Uploading complete (STDOUT, STG)#
#2026 09 18 11:19:34.855#Z#DEBUG#9d22f57d-b352-11f1-9456-eeee0a8e3e3b.Bookshop-srv#flowable-async-job-executor-thread-114756#
[PollStageAppStatusExecution] 01e236f2-5c17-43fc-83b1-6383711c1c1d [2026-09-18T11:19:28.893541] Cell edea5c23-ef2d-4626-b6ac-b8b688ffb968 stopping instance 21f8fac2-cc56-4ff3-9899-0af1b89a1a02 (STDOUT, STG)#
#2026 09 18 11:19:34.855#Z#DEBUG#9d22f57d-b352-11f1-9456-eeee0a8e3e3b.Bookshop-srv#flowable-async-job-executor-thread-114756#
[PollStageAppStatusExecution] 01e236f2-5c17-43fc-83b1-6383711c1c1d [2026-09-18T11:19:28.893567] Cell edea5c23-ef2d-4626-b6ac-b8b688ffb968 destroying container for instance 21f8fac2-cc56-4ff3-9899-0af1b89a1a02 (STDOUT, STG)#
#2026 09 18 11:19:34.855#Z#DEBUG#9d22f57d-b352-11f1-9456-eeee0a8e3e3b.Bookshop-srv#flowable-async-job-executor-thread-114756#
[PollStageAppStatusExecution] 01e236f2-5c17-43fc-83b1-6383711c1c1d [2026-09-18T11:19:28.956389] Staging complete for build 21f8fac2-cc56-4ff3-9899-0af1b89a1a02 (STDOUT, API)#
#2026 09 18 11:19:34.855#Z#DEBUG#9d22f57d-b352-11f1-9456-eeee0a8e3e3b.Bookshop-srv#flowable-async-job-executor-thread-114756#
[PollStageAppStatusExecution] 01e236f2-5c17-43fc-83b1-6383711c1c1d [2026-09-18T11:19:29.975206] Cell edea5c23-ef2d-4626-b6ac-b8b688ffb968 successfully destroyed container for instance 21f8fac2-cc56-4ff3-9899-0af1b89a1a02 (STDOUT, STG)#
#2026 09 18 11:19:45.265#Z#DEBUG#9d22f57d-b352-11f1-9456-eeee0a8e3e3b.Bookshop-srv#flowable-async-job-executor-thread-112535#
[PollStartAppStatusExecution] 01e236f2-5c17-43fc-83b1-6383711c1c1d [2026-09-18T11:19:35.022966] Updated app with guid 01e236f2-5c17-43fc-83b1-6383711c1c1d ({:droplet_guid=>"bd949376-3521-4f7c-b5ad-1db9d6ffa681"}) (STDOUT, API)#
#2026 09 18 11:19:45.265#Z#DEBUG#9d22f57d-b352-11f1-9456-eeee0a8e3e3b.Bookshop-srv#flowable-async-job-executor-thread-112535#
[PollStartAppStatusExecution] 01e236f2-5c17-43fc-83b1-6383711c1c1d [2026-09-18T11:19:35.278296] Creating revision for app with guid 01e236f2-5c17-43fc-83b1-6383711c1c1d (STDOUT, API)#
#2026 09 18 11:19:45.265#Z#DEBUG#9d22f57d-b352-11f1-9456-eeee0a8e3e3b.Bookshop-srv#flowable-async-job-executor-thread-112535#
[PollStartAppStatusExecution] 01e236f2-5c17-43fc-83b1-6383711c1c1d [2026-09-18T11:19:35.316128] Starting app with guid 01e236f2-5c17-43fc-83b1-6383711c1c1d (STDOUT, API)#
#2026 09 18 11:19:45.265#Z#DEBUG#9d22f57d-b352-11f1-9456-eeee0a8e3e3b.Bookshop-srv#flowable-async-job-executor-thread-112535#
[PollStartAppStatusExecution] 01e236f2-5c17-43fc-83b1-6383711c1c1d [2026-09-18T11:19:35.623099] Cell 736b25bc-ceef-455b-94ae-62ad082b7209 creating container for instance 9ae569ea-2486-446f-7f8a-d42c (STDOUT, CELL)#
#2026 09 18 11:19:45.265#Z#DEBUG#9d22f57d-b352-11f1-9456-eeee0a8e3e3b.Bookshop-srv#flowable-async-job-executor-thread-112535#
[PollStartAppStatusExecution] 01e236f2-5c17-43fc-83b1-6383711c1c1d [2026-09-18T11:19:36.166722] Security group rules were updated (STDOUT, CELL)#
#2026 09 18 11:19:45.265#Z#DEBUG#9d22f57d-b352-11f1-9456-eeee0a8e3e3b.Bookshop-srv#flowable-async-job-executor-thread-112535#
[PollStartAppStatusExecution] 01e236f2-5c17-43fc-83b1-6383711c1c1d [2026-09-18T11:19:36.187381] Cell 736b25bc-ceef-455b-94ae-62ad082b7209 successfully created container for instance 9ae569ea-2486-446f-7f8a-d42c (STDOUT, CELL)#
#2026 09 18 11:19:45.265#Z#DEBUG#9d22f57d-b352-11f1-9456-eeee0a8e3e3b.Bookshop-srv#flowable-async-job-executor-thread-112535#
[PollStartAppStatusExecution] 01e236f2-5c17-43fc-83b1-6383711c1c1d [2026-09-18T11:19:37.491005] Downloading droplet... (STDOUT, CELL)#
#2026 09 18 11:19:45.265#Z#DEBUG#9d22f57d-b352-11f1-9456-eeee0a8e3e3b.Bookshop-srv#flowable-async-job-executor-thread-112535#
[PollStartAppStatusExecution] 01e236f2-5c17-43fc-83b1-6383711c1c1d [2026-09-18T11:19:41.246779] Downloaded droplet (60.1M) (STDOUT, CELL)#
#2026 09 18 11:19:45.265#Z#DEBUG#9d22f57d-b352-11f1-9456-eeee0a8e3e3b.Bookshop-srv#flowable-async-job-executor-thread-112535#
[PollStartAppStatusExecution] 01e236f2-5c17-43fc-83b1-6383711c1c1d [2026-09-18T11:19:41.246879] Starting health monitoring of container (STDOUT, CELL)#
#2026 09 18 11:19:45.265#Z#DEBUG#9d22f57d-b352-11f1-9456-eeee0a8e3e3b.Bookshop-srv#flowable-async-job-executor-thread-112535#
[PollStartAppStatusExecution] 01e236f2-5c17-43fc-83b1-6383711c1c1d [2026-09-18T11:19:41.311190] Invoking pre-start scripts. (STDOUT, APP/PROC/WEB)#
#2026 09 18 11:19:45.265#Z#DEBUG#9d22f57d-b352-11f1-9456-eeee0a8e3e3b.Bookshop-srv#flowable-async-job-executor-thread-112535#
[PollStartAppStatusExecution] 01e236f2-5c17-43fc-83b1-6383711c1c1d [2026-09-18T11:19:41.469552] Invoking start command. (STDOUT, APP/PROC/WEB)#
#2026 09 18 11:19:45.265#Z#DEBUG#9d22f57d-b352-11f1-9456-eeee0a8e3e3b.Bookshop-srv#flowable-async-job-executor-thread-112535#
[PollStartAppStatusExecution] 01e236f2-5c17-43fc-83b1-6383711c1c1d [2026-09-18T11:19:41.815362] > Bookshop@1.0.0 start (STDOUT, APP/PROC/WEB)#
#2026 09 18 11:19:45.265#Z#DEBUG#9d22f57d-b352-11f1-9456-eeee0a8e3e3b.Bookshop-srv#flowable-async-job-executor-thread-112535#
[PollStartAppStatusExecution] 01e236f2-5c17-43fc-83b1-6383711c1c1d [2026-09-18T11:19:41.815383] > cds-serve (STDOUT, APP/PROC/WEB)#
#2026 09 18 11:19:45.265#Z#DEBUG#9d22f57d-b352-11f1-9456-eeee0a8e3e3b.Bookshop-srv#flowable-async-job-executor-thread-112535#
[PollStartAppStatusExecution] 01e236f2-5c17-43fc-83b1-6383711c1c1d [2026-09-18T11:19:42.096937] {"level":"info","logger":"cds","timestamp":"2026-09-18T11:19:42.095Z","layer":"cds","component_type":"application","container_id":"10.36.131.16","component_id":"01e236f2-5c17-43fc-83b1-6383711c1c1d","component_name":"Bookshop-srv","component_instance":0,"source_instance":0,"organization_name":"CoE_EMEA_HANA_Platform","organization_id":"faa2a59b-a78e-4aa0-9dad-78ce96e1bc24","space_name":"dev","space_id":"4cc0a88c-ec98-47c4-9958-38b5e6ec9fcf","msg":"loaded model from 1 file(s):\n ","type":"log"} (STDOUT, APP/PROC/WEB)#
#2026 09 18 11:19:45.265#Z#DEBUG#9d22f57d-b352-11f1-9456-eeee0a8e3e3b.Bookshop-srv#flowable-async-job-executor-thread-112535#
[PollStartAppStatusExecution] 01e236f2-5c17-43fc-83b1-6383711c1c1d [2026-09-18T11:19:42.097352] srv/csn.json (STDOUT, APP/PROC/WEB)#
#2026 09 18 11:19:45.265#Z#DEBUG#9d22f57d-b352-11f1-9456-eeee0a8e3e3b.Bookshop-srv#flowable-async-job-executor-thread-112535#
[PollStartAppStatusExecution] 01e236f2-5c17-43fc-83b1-6383711c1c1d [2026-09-18T11:19:42.318752] {"level":"info","logger":"cds","timestamp":"2026-09-18T11:19:42.318Z","layer":"cds","component_type":"application","container_id":"10.36.131.16","component_id":"01e236f2-5c17-43fc-83b1-6383711c1c1d","component_name":"Bookshop-srv","component_instance":0,"source_instance":0,"organization_name":"CoE_EMEA_HANA_Platform","organization_id":"faa2a59b-a78e-4aa0-9dad-78ce96e1bc24","space_name":"dev","space_id":"4cc0a88c-ec98-47c4-9958-38b5e6ec9fcf","msg":"connect to db > hana {\n  database_id: '3a7ef18c-a942-4a3a-9774-6e749eef5f6c',\n  host: '3a7ef18c-a942-4a3a-9774-6e749eef5f6c.hana.prod-eu20.hanacloud.ondemand.com',\n  port: '443',\n  driver: 'com.sap.db.jdbc.Driver',\n  url: 'jdbc:sap://3a7ef18c-a942-4a3a-9774-6e749eef5f6c.hana.prod-eu20.hanacloud.ondemand.com:443?encrypt=true&validateCertificate=true&currentschema=5C84014165A34038B8D34E50D6B56F69',\n  schema: '5C84014165A34038B8D34E50D6B56F69',\n  certificate: '...',\n  hdi_user: '5C84014165A34038B8D34E50D6B56F69_CXF3WPRG3ROJXO5PB3EQESQQI_DT',\n  hdi_password: '...',\n  user: '5C84014165A34038B8D34E50D6B56F69_CXF3WPRG3ROJXO5PB3EQESQQI_RT',\n  password: '...'\n}","type":"log"} (STDOUT, APP/PROC/WEB)#
#2026 09 18 11:19:45.265#Z#DEBUG#9d22f57d-b352-11f1-9456-eeee0a8e3e3b.Bookshop-srv#flowable-async-job-executor-thread-112535#
[PollStartAppStatusExecution] 01e236f2-5c17-43fc-83b1-6383711c1c1d [2026-09-18T11:19:42.364375] {"level":"info","logger":"cds","timestamp":"2026-09-18T11:19:42.363Z","layer":"cds","component_type":"application","container_id":"10.36.131.16","component_id":"01e236f2-5c17-43fc-83b1-6383711c1c1d","component_name":"Bookshop-srv","component_instance":0,"source_instance":0,"organization_name":"CoE_EMEA_HANA_Platform","organization_id":"faa2a59b-a78e-4aa0-9dad-78ce96e1bc24","space_name":"dev","space_id":"4cc0a88c-ec98-47c4-9958-38b5e6ec9fcf","msg":"using auth strategy { kind: 'xsuaa' }","type":"log"} (STDOUT, APP/PROC/WEB)#
#2026 09 18 11:19:45.265#Z#DEBUG#9d22f57d-b352-11f1-9456-eeee0a8e3e3b.Bookshop-srv#flowable-async-job-executor-thread-112535#
[PollStartAppStatusExecution] 01e236f2-5c17-43fc-83b1-6383711c1c1d [2026-09-18T11:19:42.389757] {"level":"info","logger":"cds","timestamp":"2026-09-18T11:19:42.389Z","layer":"cds","component_type":"application","container_id":"10.36.131.16","component_id":"01e236f2-5c17-43fc-83b1-6383711c1c1d","component_name":"Bookshop-srv","component_instance":0,"source_instance":0,"organization_name":"CoE_EMEA_HANA_Platform","organization_id":"faa2a59b-a78e-4aa0-9dad-78ce96e1bc24","space_name":"dev","space_id":"4cc0a88c-ec98-47c4-9958-38b5e6ec9fcf","msg":"serving AdminService {\n  at: [ '/odata/v4/admin' ],\n  decl: 'srv/csn.json:609',\n  impl: 'srv/admin-service.js'\n}","type":"log"} (STDOUT, APP/PROC/WEB)#
#2026 09 18 11:19:45.265#Z#DEBUG#9d22f57d-b352-11f1-9456-eeee0a8e3e3b.Bookshop-srv#flowable-async-job-executor-thread-112535#
[PollStartAppStatusExecution] 01e236f2-5c17-43fc-83b1-6383711c1c1d [2026-09-18T11:19:42.390351] {"level":"info","logger":"cds","timestamp":"2026-09-18T11:19:42.390Z","layer":"cds","component_type":"application","container_id":"10.36.131.16","component_id":"01e236f2-5c17-43fc-83b1-6383711c1c1d","component_name":"Bookshop-srv","component_instance":0,"source_instance":0,"organization_name":"CoE_EMEA_HANA_Platform","organization_id":"faa2a59b-a78e-4aa0-9dad-78ce96e1bc24","space_name":"dev","space_id":"4cc0a88c-ec98-47c4-9958-38b5e6ec9fcf","msg":"serving CatalogService {\n  at: [ '/odata/v4/catalog' ],\n  decl: 'srv/csn.json:1450',\n  impl: 'srv/cat-service.js'\n}","type":"log"} (STDOUT, APP/PROC/WEB)#
#2026 09 18 11:19:45.265#Z#DEBUG#9d22f57d-b352-11f1-9456-eeee0a8e3e3b.Bookshop-srv#flowable-async-job-executor-thread-112535#
[PollStartAppStatusExecution] 01e236f2-5c17-43fc-83b1-6383711c1c1d [2026-09-18T11:19:42.392580] {"level":"info","logger":"cds","timestamp":"2026-09-18T11:19:42.392Z","layer":"cds","component_type":"application","container_id":"10.36.131.16","component_id":"01e236f2-5c17-43fc-83b1-6383711c1c1d","component_name":"Bookshop-srv","component_instance":0,"source_instance":0,"organization_name":"CoE_EMEA_HANA_Platform","organization_id":"faa2a59b-a78e-4aa0-9dad-78ce96e1bc24","space_name":"dev","space_id":"4cc0a88c-ec98-47c4-9958-38b5e6ec9fcf","msg":"server listening on { url: 'http://localhost:8080' }","type":"log"} (STDOUT, APP/PROC/WEB)#
#2026 09 18 11:19:45.265#Z#DEBUG#9d22f57d-b352-11f1-9456-eeee0a8e3e3b.Bookshop-srv#flowable-async-job-executor-thread-112535#
[PollStartAppStatusExecution] 01e236f2-5c17-43fc-83b1-6383711c1c1d [2026-09-18T11:19:42.393561] {"level":"info","logger":"cds","timestamp":"2026-09-18T11:19:42.393Z","layer":"cds","component_type":"application","container_id":"10.36.131.16","component_id":"01e236f2-5c17-43fc-83b1-6383711c1c1d","component_name":"Bookshop-srv","component_instance":0,"source_instance":0,"organization_name":"CoE_EMEA_HANA_Platform","organization_id":"faa2a59b-a78e-4aa0-9dad-78ce96e1bc24","space_name":"dev","space_id":"4cc0a88c-ec98-47c4-9958-38b5e6ec9fcf","msg":"server v10.1.1 launched in 569 ms","type":"log"} (STDOUT, APP/PROC/WEB)#
#2026 09 18 11:19:45.265#Z#DEBUG#9d22f57d-b352-11f1-9456-eeee0a8e3e3b.Bookshop-srv#flowable-async-job-executor-thread-112535#
[PollStartAppStatusExecution] 01e236f2-5c17-43fc-83b1-6383711c1c1d [2026-09-18T11:19:42.509658] {"level":"warn","logger":"queue","correlation_id":"f164cff5-932d-4a41-bbc7-f59fad0f6e91","timestamp":"2026-09-18T11:19:42.509Z","msg":"Failed to fetch targets for flush invalid table name:  Could not find table/view CDS_OUTBOX_MESSAGES in schema 5C84014165A34038B8D34E50D6B56F69: line 1 col 53 (at pos 52)","message":"invalid table name:  Could not find table/view CDS_OUTBOX_MESSAGES in schema 5C84014165A34038B8D34E50D6B56F69: line 1 col 53 (at pos 52)","code":259,"sqlState":"HY000","position":52,"query":"WITH \"$TA0\" as (SELECT \"$M\".target as \"target\" FROM cds_outbox_Messages as \"$M\" GROUP BY \"$M\".target) SELECT '$[0' as \"_path_\",'{}' as \"_blobs_\",'{}' as \"_expands_\",(SELECT \"target\" FROM JSON_TABLE('{}', '$' COLUMNS(\"'$$FaKeDuMmYCoLuMn$$'\" FOR ORDINALITY)) FOR JSON ('format'='no', 'omitnull'='no', 'arraywrap'='no') RETURNS NVARCHAR(2147483647)) as \"_json_\" FROM \"$TA0\" ORDER BY \"_path_\" ASC","layer":"cds","component_type":"application","container_id":"10.36.131.16","component_id":"01e236f2-5c17-43fc-83b1-6383711c1c1d","component_name":"Bookshop-srv","component_instance":0,"source_instance":0,"organization_name":"CoE_EMEA_HANA_Platform","organization_id":"faa2a59b-a78e-4aa0-9dad-78ce96e1bc24","space_name":"dev","space_id":"4cc0a88c-ec98-47c4-9958-38b5e6ec9fcf","type":"log"} (STDERR, APP/PROC/WEB)#
#2026 09 18 11:19:45.265#Z#DEBUG#9d22f57d-b352-11f1-9456-eeee0a8e3e3b.Bookshop-srv#flowable-async-job-executor-thread-112535#
[PollStartAppStatusExecution] 01e236f2-5c17-43fc-83b1-6383711c1c1d [2026-09-18T11:19:44.044844] Container became healthy (STDOUT, CELL)#
#2026 09 18 11:19:45.265#Z#DEBUG#9d22f57d-b352-11f1-9456-eeee0a8e3e3b.Bookshop-srv#flowable-async-job-executor-thread-112535#
[PollStartAppStatusExecution] 01e236f2-5c17-43fc-83b1-6383711c1c1d [2026-09-18T11:19:44.077328] Process became ready with guid 01e236f2-5c17-43fc-83b1-6383711c1c1d payload: {"instance"=>"9ae569ea-2486-446f-7f8a-d42c", "index"=>0, "cell_id"=>"736b25bc-ceef-455b-94ae-62ad082b7209", "ready"=>true, "version"=>"69e55367-9978-46e8-8d53-935dd5455e35"} (STDOUT, API)#
